[2026-07-29T12:01:11] waiting for 4 cards with >22000 MiB free, poll 60s, giving up after 48h
[2026-07-29T13:10:19] free=4 (1/3 consecutive)
[2026-07-29T13:11:19] free=4 (2/3 consecutive)
[2026-07-29T13:12:19] free=4 (3/3 consecutive)
[2026-07-29T13:12:19] === service --workers 4 --gpus 4 --steps 4 --rounds 3
  workers=4 round=0 cold wall 55.3s
  workers=4 round=1 warm wall 15.8s
  workers=4 round=2 warm wall 15.8s
-> /home/kostya/aurora-backend/bench/results/service.json  (15 records)
[2026-07-29T13:13:52] free before concurrency: 4
[2026-07-29T13:13:52] === concurrency --gpus 4 --steps 4 --variant fp16
  n=1  batch wall 43.2s
  n=2  batch wall 47.5s
  n=4  batch wall 60.0s
    FAILED: torch.OutOfMemoryError: CUDA out of memory. Tried to allocate 3.21 GiB. GPU 0 has a total capacity of 31.73 GiB of which 2.32 GiB is free. Process 406012 has 13.91 GiB memory in use. Including non-PyTorch memory, this process has 15.50 GiB memory in use. Of the allocated memory 15.01 GiB is allocated by PyTorch, and 115.11 MiB is reserved by PyTorch but unallocated. If reserved but unallocated memory is large try setting PYTORCH_CUDA_ALLOC_CONF=expandable_segments:True to avoid fragmentation.  See documentation for Memory Management  (https://docs.pytorch.org/docs/stable/notes/cuda.html#optimizing-memory-usage-with-pytorch-cuda-alloc-conf)
    FAILED: torch.OutOfMemoryError: CUDA out of memory. Tried to allocate 3.21 GiB. GPU 1 has a total capacity of 31.73 GiB of which 2.32 GiB is free. Process 406013 has 15.50 GiB memory in use. Including non-PyTorch memory, this process has 13.91 GiB memory in use. Of the allocated memory 13.41 GiB is allocated by PyTorch, and 140.43 MiB is reserved by PyTorch but unallocated. If reserved but unallocated memory is large try setting PYTORCH_CUDA_ALLOC_CONF=expandable_segments:True to avoid fragmentation.  See documentation for Memory Management  (https://docs.pytorch.org/docs/stable/notes/cuda.html#optimizing-memory-usage-with-pytorch-cuda-alloc-conf)
    FAILED: torch.OutOfMemoryError: CUDA out of memory. Tried to allocate 3.21 GiB. GPU 2 has a total capacity of 31.73 GiB of which 2.34 GiB is free. Including non-PyTorch memory, this process has 12.27 GiB memory in use. Process 406014 has 17.12 GiB memory in use. Of the allocated memory 11.80 GiB is allocated by PyTorch, and 105.74 MiB is reserved by PyTorch but unallocated. If reserved but unallocated memory is large try setting PYTORCH_CUDA_ALLOC_CONF=expandable_segments:True to avoid fragmentation.  See documentation for Memory Management  (https://docs.pytorch.org/docs/stable/notes/cuda.html#optimizing-memory-usage-with-pytorch-cuda-alloc-conf)
    FAILED: torch.OutOfMemoryError: CUDA out of memory. Tried to allocate 3.21 GiB. GPU 3 has a total capacity of 31.73 GiB of which 715.50 MiB is free. Including non-PyTorch memory, this process has 13.91 GiB memory in use. Process 406015 has 17.12 GiB memory in use. Of the allocated memory 13.41 GiB is allocated by PyTorch, and 140.43 MiB is reserved by PyTorch but unallocated. If reserved but unallocated memory is large try setting PYTORCH_CUDA_ALLOC_CONF=expandable_segments:True to avoid fragmentation.  See documentation for Memory Management  (https://docs.pytorch.org/docs/stable/notes/cuda.html#optimizing-memory-usage-with-pytorch-cuda-alloc-conf)
    FAILED: torch.OutOfMemoryError: CUDA out of memory. Tried to allocate 3.21 GiB. GPU 0 has a total capacity of 31.73 GiB of which 715.50 MiB is free. Including non-PyTorch memory, this process has 13.91 GiB memory in use. Process 406008 has 17.12 GiB memory in use. Of the allocated memory 13.41 GiB is allocated by PyTorch, and 140.43 MiB is reserved by PyTorch but unallocated. If reserved but unallocated memory is large try setting PYTORCH_CUDA_ALLOC_CONF=expandable_segments:True to avoid fragmentation.  See documentation for Memory Management  (https://docs.pytorch.org/docs/stable/notes/cuda.html#optimizing-memory-usage-with-pytorch-cuda-alloc-conf)
    FAILED: torch.OutOfMemoryError: CUDA out of memory. Tried to allocate 3.21 GiB. GPU 1 has a total capacity of 31.73 GiB of which 755.50 MiB is free. Including non-PyTorch memory, this process has 15.50 GiB memory in use. Process 406009 has 15.50 GiB memory in use. Of the allocated memory 15.01 GiB is allocated by PyTorch, and 115.11 MiB is reserved by PyTorch but unallocated. If reserved but unallocated memory is large try setting PYTORCH_CUDA_ALLOC_CONF=expandable_segments:True to avoid fragmentation.  See documentation for Memory Management  (https://docs.pytorch.org/docs/stable/notes/cuda.html#optimizing-memory-usage-with-pytorch-cuda-alloc-conf)
    FAILED: torch.OutOfMemoryError: CUDA out of memory. Tried to allocate 3.21 GiB. GPU 3 has a total capacity of 31.73 GiB of which 2.32 GiB is free. Process 406011 has 13.91 GiB memory in use. Including non-PyTorch memory, this process has 15.50 GiB memory in use. Of the allocated memory 15.01 GiB is allocated by PyTorch, and 115.11 MiB is reserved by PyTorch but unallocated. If reserved but unallocated memory is large try setting PYTORCH_CUDA_ALLOC_CONF=expandable_segments:True to avoid fragmentation.  See documentation for Memory Management  (https://docs.pytorch.org/docs/stable/notes/cuda.html#optimizing-memory-usage-with-pytorch-cuda-alloc-conf)
  n=8  batch wall 87.2s
-> /home/kostya/aurora-backend/bench/results/concurrency.json  (15 records)
[2026-07-29T13:17:50] done
